[debug] [2025-10-04T21:14:22.517Z] ----------------------------------------------------------------------
[debug] [2025-10-04T21:14:22.519Z] Command:       C:\Program Files\nodejs\node.exe C:\Users\mattw\AppData\Roaming\npm\node_modules\firebase-tools\lib\bin\firebase.js init
[debug] [2025-10-04T21:14:22.520Z] CLI Version:   14.18.0
[debug] [2025-10-04T21:14:22.520Z] Platform:      win32
[debug] [2025-10-04T21:14:22.520Z] Node Version:  v22.20.0
[debug] [2025-10-04T21:14:22.520Z] Time:          Sat Oct 04 2025 17:14:22 GMT-0400 (Eastern Daylight Time)
[debug] [2025-10-04T21:14:22.520Z] ----------------------------------------------------------------------
[debug] 
[debug] [2025-10-04T21:14:22.524Z] > command requires scopes: ["email","openid","https://www.googleapis.com/auth/cloudplatformprojects.readonly","https://www.googleapis.com/auth/firebase","https://www.googleapis.com/auth/cloud-platform"]
[debug] [2025-10-04T21:14:22.525Z] > authorizing via signed-in user (matt.woolvett@gmail.com)
[info] 
     ######## #### ########  ######## ########     ###     ######  ########
     ##        ##  ##     ## ##       ##     ##  ##   ##  ##       ##
     ######    ##  ########  ######   ########  #########  ######  ######
     ##        ##  ##    ##  ##       ##     ## ##     ##       ## ##
     ##       #### ##     ## ######## ########  ##     ##  ######  ########

You're about to initialize a Firebase project in this directory:

  C:\dev\CocoButts417.github.io

Before we get started, keep in mind:

  * You are currently outside your home directory

[info] 
=== Project Setup
[info] 
[info] First, let's associate this project directory with a Firebase project.
[info] You can create multiple project aliases by running firebase use --add, 
[info] but for now we'll just set up a default project.
[info] 
[debug] [2025-10-04T21:16:52.124Z] Checked if tokens are valid: true, expires at: 1759615905568
[debug] [2025-10-04T21:16:52.124Z] Checked if tokens are valid: true, expires at: 1759615905568
[debug] [2025-10-04T21:16:52.125Z] >>> [apiv2][query] GET https://firebase.googleapis.com/v1beta1/projects pageSize=100
[debug] [2025-10-04T21:16:52.525Z] <<< [apiv2][status] GET https://firebase.googleapis.com/v1beta1/projects 200
[debug] [2025-10-04T21:16:52.525Z] <<< [apiv2][body] GET https://firebase.googleapis.com/v1beta1/projects [omitted]
[info] i  Using project parwebapp-4679d (PARwebapp) 
[info] 
=== Dataconnect Setup
[debug] [2025-10-04T21:16:58.609Z] Checked if tokens are valid: true, expires at: 1759615905568
[debug] [2025-10-04T21:16:58.609Z] Checked if tokens are valid: true, expires at: 1759615905568
[debug] [2025-10-04T21:16:58.609Z] >>> [apiv2][query] GET https://cloudbilling.googleapis.com/v1/projects/parwebapp-4679d/billingInfo [none]
[debug] [2025-10-04T21:16:58.877Z] <<< [apiv2][status] GET https://cloudbilling.googleapis.com/v1/projects/parwebapp-4679d/billingInfo 200
[debug] [2025-10-04T21:16:58.877Z] <<< [apiv2][body] GET https://cloudbilling.googleapis.com/v1/projects/parwebapp-4679d/billingInfo {"name":"projects/parwebapp-4679d/billingInfo","projectId":"parwebapp-4679d","billingAccountName":"","billingEnabled":false}
[info] i  dataconnect: ensuring required API firebasedataconnect.googleapis.com is enabled... 
[debug] [2025-10-04T21:16:58.878Z] Checked if tokens are valid: true, expires at: 1759615905568
[debug] [2025-10-04T21:16:58.878Z] Checked if tokens are valid: true, expires at: 1759615905568
[info] i  dataconnect: ensuring required API sqladmin.googleapis.com is enabled... 
[debug] [2025-10-04T21:16:58.878Z] Checked if tokens are valid: true, expires at: 1759615905568
[debug] [2025-10-04T21:16:58.878Z] Checked if tokens are valid: true, expires at: 1759615905568
[debug] [2025-10-04T21:16:58.878Z] >>> [apiv2][query] GET https://serviceusage.googleapis.com/v1/projects/parwebapp-4679d/services/firebasedataconnect.googleapis.com [none]
[debug] [2025-10-04T21:16:58.878Z] >>> [apiv2][(partial)header] GET https://serviceusage.googleapis.com/v1/projects/parwebapp-4679d/services/firebasedataconnect.googleapis.com x-goog-quota-user=projects/parwebapp-4679d
[debug] [2025-10-04T21:16:58.879Z] >>> [apiv2][query] GET https://serviceusage.googleapis.com/v1/projects/parwebapp-4679d/services/sqladmin.googleapis.com [none]
[debug] [2025-10-04T21:16:58.879Z] >>> [apiv2][(partial)header] GET https://serviceusage.googleapis.com/v1/projects/parwebapp-4679d/services/sqladmin.googleapis.com x-goog-quota-user=projects/parwebapp-4679d
[debug] [2025-10-04T21:16:59.162Z] <<< [apiv2][status] GET https://serviceusage.googleapis.com/v1/projects/parwebapp-4679d/services/firebasedataconnect.googleapis.com 200
[debug] [2025-10-04T21:16:59.163Z] <<< [apiv2][body] GET https://serviceusage.googleapis.com/v1/projects/parwebapp-4679d/services/firebasedataconnect.googleapis.com [omitted]
[warn] !  dataconnect: missing required API firebasedataconnect.googleapis.com. Enabling now... 
[debug] [2025-10-04T21:16:59.163Z] Checked if tokens are valid: true, expires at: 1759615905568
[debug] [2025-10-04T21:16:59.163Z] Checked if tokens are valid: true, expires at: 1759615905568
[debug] [2025-10-04T21:16:59.163Z] >>> [apiv2][query] POST https://serviceusage.googleapis.com/v1/projects/parwebapp-4679d/services/firebasedataconnect.googleapis.com:enable [none]
[debug] [2025-10-04T21:16:59.163Z] >>> [apiv2][(partial)header] POST https://serviceusage.googleapis.com/v1/projects/parwebapp-4679d/services/firebasedataconnect.googleapis.com:enable x-goog-quota-user=projects/parwebapp-4679d
[debug] [2025-10-04T21:16:59.274Z] <<< [apiv2][status] GET https://serviceusage.googleapis.com/v1/projects/parwebapp-4679d/services/sqladmin.googleapis.com 200
[debug] [2025-10-04T21:16:59.274Z] <<< [apiv2][body] GET https://serviceusage.googleapis.com/v1/projects/parwebapp-4679d/services/sqladmin.googleapis.com [omitted]
[warn] !  dataconnect: missing required API sqladmin.googleapis.com. Enabling now... 
[debug] [2025-10-04T21:16:59.274Z] Checked if tokens are valid: true, expires at: 1759615905568
[debug] [2025-10-04T21:16:59.274Z] Checked if tokens are valid: true, expires at: 1759615905568
[debug] [2025-10-04T21:16:59.274Z] >>> [apiv2][query] POST https://serviceusage.googleapis.com/v1/projects/parwebapp-4679d/services/sqladmin.googleapis.com:enable [none]
[debug] [2025-10-04T21:16:59.274Z] >>> [apiv2][(partial)header] POST https://serviceusage.googleapis.com/v1/projects/parwebapp-4679d/services/sqladmin.googleapis.com:enable x-goog-quota-user=projects/parwebapp-4679d
[debug] [2025-10-04T21:16:59.390Z] <<< [apiv2][status] POST https://serviceusage.googleapis.com/v1/projects/parwebapp-4679d/services/firebasedataconnect.googleapis.com:enable 200
[debug] [2025-10-04T21:16:59.390Z] <<< [apiv2][body] POST https://serviceusage.googleapis.com/v1/projects/parwebapp-4679d/services/firebasedataconnect.googleapis.com:enable [omitted]
[debug] [2025-10-04T21:16:59.610Z] <<< [apiv2][status] POST https://serviceusage.googleapis.com/v1/projects/parwebapp-4679d/services/sqladmin.googleapis.com:enable 200
[debug] [2025-10-04T21:16:59.610Z] <<< [apiv2][body] POST https://serviceusage.googleapis.com/v1/projects/parwebapp-4679d/services/sqladmin.googleapis.com:enable [omitted]
[debug] [2025-10-04T21:17:09.626Z] Checked if tokens are valid: true, expires at: 1759615905568
[debug] [2025-10-04T21:17:09.626Z] Checked if tokens are valid: true, expires at: 1759615905568
[debug] [2025-10-04T21:17:09.626Z] >>> [apiv2][query] GET https://firebasedataconnect.googleapis.com/v1/projects/parwebapp-4679d/locations/-/services [none]
[debug] [2025-10-04T21:17:10.247Z] <<< [apiv2][status] GET https://firebasedataconnect.googleapis.com/v1/projects/parwebapp-4679d/locations/-/services 200
[debug] [2025-10-04T21:17:10.247Z] <<< [apiv2][body] GET https://firebasedataconnect.googleapis.com/v1/projects/parwebapp-4679d/locations/-/services {}
[warn] !  dataconnect: No app exists in the current directory. 
[info] i  dataconnect: > flutter create flutter_app 
[debug] [2025-10-04T21:19:05.119Z] Checked if tokens are valid: true, expires at: 1759615905568
[debug] [2025-10-04T21:19:05.120Z] Checked if tokens are valid: true, expires at: 1759615905568
[debug] [2025-10-04T21:19:05.120Z] >>> [apiv2][query] GET https://firebasedataconnect.googleapis.com/v1/projects/parwebapp-4679d/locations/us-central1/services/cocobutts417githubio/schemas/main [none]
[debug] [2025-10-04T21:19:05.434Z] <<< [apiv2][status] GET https://firebasedataconnect.googleapis.com/v1/projects/parwebapp-4679d/locations/us-central1/services/cocobutts417githubio/schemas/main 404
[debug] [2025-10-04T21:19:05.434Z] <<< [apiv2][body] GET https://firebasedataconnect.googleapis.com/v1/projects/parwebapp-4679d/locations/us-central1/services/cocobutts417githubio/schemas/main {"error":{"code":404,"message":"Resource 'projects/parwebapp-4679d/locations/us-central1/services/cocobutts417githubio/schemas/main' was not found","status":"NOT_FOUND","details":[{"@type":"type.googleapis.com/google.rpc.ResourceInfo","resourceName":"projects/parwebapp-4679d/locations/us-central1/services/cocobutts417githubio/schemas/main"}]}}
[info] +  Wrote dataconnect\dataconnect.yaml 
[info] +  Wrote dataconnect\seed_data.gql 
[info] +  Wrote dataconnect\schema\schema.gql 
[info] +  Wrote dataconnect\example\connector.yaml 
[info] +  Wrote dataconnect\example\queries.gql 
[info] +  Wrote dataconnect\example\mutations.gql 
[info] +  Wrote dataconnect\example\connector.yaml 
[info] i  dataconnect: Installing the generated SDKs ... 
[info] i  dataconnect: downloading dataconnect-emulator-2.14.0.exe... {"metadata":{"emulator":{"name":"dataconnect"},"message":"downloading dataconnect-emulator-2.14.0.exe..."}}
[debug] [2025-10-04T21:19:05.601Z] >>> [apiv2][query] GET https://storage.googleapis.com/firemat-preview-drop/emulator/dataconnect-emulator-windows-v2.14.0 
[debug] [2025-10-04T21:19:05.872Z] <<< [apiv2][status] GET https://storage.googleapis.com/firemat-preview-drop/emulator/dataconnect-emulator-windows-v2.14.0 200
[debug] [2025-10-04T21:19:05.872Z] <<< [apiv2][body] GET https://storage.googleapis.com/firemat-preview-drop/emulator/dataconnect-emulator-windows-v2.14.0 [stream]
[debug] [2025-10-04T21:19:06.851Z] defaultcredentials: writing to file C:\Users\mattw\AppData\Roaming\firebase\matt_woolvett_gmail.com_application_default_credentials.json
[info] +  dataconnect: Installed generated SDKs for flutter_app (flutter) 
[info] 
=== Firestore Setup
[info] i  firestore: ensuring required API firestore.googleapis.com is enabled... 
[debug] [2025-10-04T21:19:07.504Z] Checked if tokens are valid: true, expires at: 1759615905568
[debug] [2025-10-04T21:19:07.504Z] Checked if tokens are valid: true, expires at: 1759615905568
[debug] [2025-10-04T21:19:07.505Z] >>> [apiv2][query] GET https://serviceusage.googleapis.com/v1/projects/parwebapp-4679d/services/firestore.googleapis.com [none]
[debug] [2025-10-04T21:19:07.505Z] >>> [apiv2][(partial)header] GET https://serviceusage.googleapis.com/v1/projects/parwebapp-4679d/services/firestore.googleapis.com x-goog-quota-user=projects/parwebapp-4679d
[debug] [2025-10-04T21:19:07.876Z] <<< [apiv2][status] GET https://serviceusage.googleapis.com/v1/projects/parwebapp-4679d/services/firestore.googleapis.com 200
[debug] [2025-10-04T21:19:07.876Z] <<< [apiv2][body] GET https://serviceusage.googleapis.com/v1/projects/parwebapp-4679d/services/firestore.googleapis.com [omitted]
[warn] !  firestore: missing required API firestore.googleapis.com. Enabling now... 
[debug] [2025-10-04T21:19:07.877Z] Checked if tokens are valid: true, expires at: 1759615905568
[debug] [2025-10-04T21:19:07.877Z] Checked if tokens are valid: true, expires at: 1759615905568
[debug] [2025-10-04T21:19:07.878Z] >>> [apiv2][query] POST https://serviceusage.googleapis.com/v1/projects/parwebapp-4679d/services/firestore.googleapis.com:enable [none]
[debug] [2025-10-04T21:19:07.878Z] >>> [apiv2][(partial)header] POST https://serviceusage.googleapis.com/v1/projects/parwebapp-4679d/services/firestore.googleapis.com:enable x-goog-quota-user=projects/parwebapp-4679d
[debug] [2025-10-04T21:19:08.116Z] <<< [apiv2][status] POST https://serviceusage.googleapis.com/v1/projects/parwebapp-4679d/services/firestore.googleapis.com:enable 200
[debug] [2025-10-04T21:19:08.116Z] <<< [apiv2][body] POST https://serviceusage.googleapis.com/v1/projects/parwebapp-4679d/services/firestore.googleapis.com:enable [omitted]
[debug] [2025-10-04T21:19:18.129Z] Checked if tokens are valid: true, expires at: 1759615905568
[debug] [2025-10-04T21:19:18.129Z] Checked if tokens are valid: true, expires at: 1759615905568
[debug] [2025-10-04T21:19:18.129Z] >>> [apiv2][query] GET https://firestore.googleapis.com/v1/projects/parwebapp-4679d/databases [none]
[debug] [2025-10-04T21:19:18.602Z] <<< [apiv2][status] GET https://firestore.googleapis.com/v1/projects/parwebapp-4679d/databases 200
[debug] [2025-10-04T21:19:18.603Z] <<< [apiv2][body] GET https://firestore.googleapis.com/v1/projects/parwebapp-4679d/databases {}
[debug] [2025-10-04T21:19:18.603Z] Checked if tokens are valid: true, expires at: 1759615905568
[debug] [2025-10-04T21:19:18.603Z] Checked if tokens are valid: true, expires at: 1759615905568
[debug] [2025-10-04T21:19:18.603Z] >>> [apiv2][query] GET https://firestore.googleapis.com/v1/projects/parwebapp-4679d/locations [none]
[debug] [2025-10-04T21:19:18.707Z] <<< [apiv2][status] GET https://firestore.googleapis.com/v1/projects/parwebapp-4679d/locations 200
[debug] [2025-10-04T21:19:18.707Z] <<< [apiv2][body] GET https://firestore.googleapis.com/v1/projects/parwebapp-4679d/locations {"locations":[{"name":"projects/parwebapp-4679d/locations/eur3","labels":{"appengine.googleapis.com/geo":"europe-west","cloud.googleapis.com/location":"eur3","cloud.googleapis.com/geo":"eur3"},"metadata":{"@type":"type.googleapis.com/google.firestore.admin.v1.LocationMetadata"},"locationId":"eur3","displayName":"Europe"},{"name":"projects/parwebapp-4679d/locations/nam5","labels":{"appengine.googleapis.com/geo":"us-central","cloud.googleapis.com/location":"nam5","cloud.googleapis.com/geo":"nam5"},"metadata":{"@type":"type.googleapis.com/google.firestore.admin.v1.LocationMetadata"},"locationId":"nam5","displayName":"United States"},{"name":"projects/parwebapp-4679d/locations/nam7","labels":{"cloud.googleapis.com/location":"nam7","cloud.googleapis.com/geo":"nam7"},"metadata":{"@type":"type.googleapis.com/google.firestore.admin.v1.LocationMetadata"},"locationId":"nam7","displayName":"United States"},{"name":"projects/parwebapp-4679d/locations/africa-south1","labels":{"cloud.googleapis.com/location":"africa-south1","cloud.googleapis.com/region":"africa-south1"},"metadata":{"@type":"type.googleapis.com/google.firestore.admin.v1.LocationMetadata"},"locationId":"africa-south1","displayName":"Johannesburg"},{"name":"projects/parwebapp-4679d/locations/asia-east1","labels":{"appengine.googleapis.com/region":"asia-east1","cloud.googleapis.com/location":"asia-east1","cloud.googleapis.com/region":"asia-east1"},"metadata":{"@type":"type.googleapis.com/google.firestore.admin.v1.LocationMetadata"},"locationId":"asia-east1","displayName":"Taiwan"},{"name":"projects/parwebapp-4679d/locations/asia-east2","labels":{"appengine.googleapis.com/region":"asia-east2","cloud.googleapis.com/location":"asia-east2","cloud.googleapis.com/region":"asia-east2"},"metadata":{"@type":"type.googleapis.com/google.firestore.admin.v1.LocationMetadata"},"locationId":"asia-east2","displayName":"Hong Kong"},{"name":"projects/parwebapp-4679d/locations/asia-northeast1","labels":{"appengine.googleapis.com/region":"asia-northeast1","cloud.googleapis.com/location":"asia-northeast1","cloud.googleapis.com/region":"asia-northeast1"},"metadata":{"@type":"type.googleapis.com/google.firestore.admin.v1.LocationMetadata"},"locationId":"asia-northeast1","displayName":"Tokyo"},{"name":"projects/parwebapp-4679d/locations/asia-northeast2","labels":{"appengine.googleapis.com/region":"asia-northeast2","cloud.googleapis.com/location":"asia-northeast2","cloud.googleapis.com/region":"asia-northeast2"},"metadata":{"@type":"type.googleapis.com/google.firestore.admin.v1.LocationMetadata"},"locationId":"asia-northeast2","displayName":"Osaka"},{"name":"projects/parwebapp-4679d/locations/asia-northeast3","labels":{"appengine.googleapis.com/region":"asia-northeast3","cloud.googleapis.com/location":"asia-northeast3","cloud.googleapis.com/region":"asia-northeast3"},"metadata":{"@type":"type.googleapis.com/google.firestore.admin.v1.LocationMetadata"},"locationId":"asia-northeast3","displayName":"Seoul"},{"name":"projects/parwebapp-4679d/locations/asia-south1","labels":{"appengine.googleapis.com/region":"asia-south1","cloud.googleapis.com/location":"asia-south1","cloud.googleapis.com/region":"asia-south1"},"metadata":{"@type":"type.googleapis.com/google.firestore.admin.v1.LocationMetadata"},"locationId":"asia-south1","displayName":"Mumbai"},{"name":"projects/parwebapp-4679d/locations/asia-south2","labels":{"cloud.googleapis.com/location":"asia-south2","cloud.googleapis.com/region":"asia-south2"},"metadata":{"@type":"type.googleapis.com/google.firestore.admin.v1.LocationMetadata"},"locationId":"asia-south2","displayName":"Delhi"},{"name":"projects/parwebapp-4679d/locations/asia-southeast1","labels":{"appengine.googleapis.com/region":"asia-southeast1","cloud.googleapis.com/location":"asia-southeast1","cloud.googleapis.com/region":"asia-southeast1"},"metadata":{"@type":"type.googleapis.com/google.firestore.admin.v1.LocationMetadata"},"locationId":"asia-southeast1","displayName":"Singapore"},{"name":"projects/parwebapp-4679d/locations/asia-southeast2","labels":{"appengine.googleapis.com/region":"asia-southeast2","cloud.googleapis.com/location":"asia-southeast2","cloud.googleapis.com/region":"asia-southeast2"},"metadata":{"@type":"type.googleapis.com/google.firestore.admin.v1.LocationMetadata"},"locationId":"asia-southeast2","displayName":"Jakarta"},{"name":"projects/parwebapp-4679d/locations/australia-southeast1","labels":{"appengine.googleapis.com/region":"australia-southeast1","cloud.googleapis.com/location":"australia-southeast1","cloud.googleapis.com/region":"australia-southeast1"},"metadata":{"@type":"type.googleapis.com/google.firestore.admin.v1.LocationMetadata"},"locationId":"australia-southeast1","displayName":"Sydney"},{"name":"projects/parwebapp-4679d/locations/australia-southeast2","labels":{"cloud.googleapis.com/location":"australia-southeast2","cloud.googleapis.com/region":"australia-southeast2"},"metadata":{"@type":"type.googleapis.com/google.firestore.admin.v1.LocationMetadata"},"locationId":"australia-southeast2","displayName":"Melbourne"},{"name":"projects/parwebapp-4679d/locations/europe-central2","labels":{"appengine.googleapis.com/region":"europe-central2","cloud.googleapis.com/location":"europe-central2","cloud.googleapis.com/region":"europe-central2"},"metadata":{"@type":"type.googleapis.com/google.firestore.admin.v1.LocationMetadata"},"locationId":"europe-central2","displayName":"Warsaw"},{"name":"projects/parwebapp-4679d/locations/europe-north1","labels":{"cloud.googleapis.com/location":"europe-north1","cloud.googleapis.com/region":"europe-north1"},"metadata":{"@type":"type.googleapis.com/google.firestore.admin.v1.LocationMetadata"},"locationId":"europe-north1","displayName":"Finland"},{"name":"projects/parwebapp-4679d/locations/europe-north2","labels":{"cloud.googleapis.com/location":"europe-north2","cloud.googleapis.com/region":"europe-north2"},"metadata":{"@type":"type.googleapis.com/google.firestore.admin.v1.LocationMetadata"},"locationId":"europe-north2","displayName":"Stockholm"},{"name":"projects/parwebapp-4679d/locations/europe-southwest1","labels":{"cloud.googleapis.com/location":"europe-southwest1","cloud.googleapis.com/region":"europe-southwest1"},"metadata":{"@type":"type.googleapis.com/google.firestore.admin.v1.LocationMetadata"},"locationId":"europe-southwest1","displayName":"Madrid"},{"name":"projects/parwebapp-4679d/locations/europe-west1","labels":{"cloud.googleapis.com/location":"europe-west1","cloud.googleapis.com/region":"europe-west1"},"metadata":{"@type":"type.googleapis.com/google.firestore.admin.v1.LocationMetadata"},"locationId":"europe-west1","displayName":"Belgium"},{"name":"projects/parwebapp-4679d/locations/europe-west10","labels":{"cloud.googleapis.com/location":"europe-west10","cloud.googleapis.com/region":"europe-west10"},"metadata":{"@type":"type.googleapis.com/google.firestore.admin.v1.LocationMetadata"},"locationId":"europe-west10","displayName":"Berlin"},{"name":"projects/parwebapp-4679d/locations/europe-west12","labels":{"cloud.googleapis.com/location":"europe-west12","cloud.googleapis.com/region":"europe-west12"},"metadata":{"@type":"type.googleapis.com/google.firestore.admin.v1.LocationMetadata"},"locationId":"europe-west12","displayName":"Turin"},{"name":"projects/parwebapp-4679d/locations/europe-west2","labels":{"appengine.googleapis.com/region":"europe-west2","cloud.googleapis.com/location":"europe-west2","cloud.googleapis.com/region":"europe-west2"},"metadata":{"@type":"type.googleapis.com/google.firestore.admin.v1.LocationMetadata"},"locationId":"europe-west2","displayName":"London"},{"name":"projects/parwebapp-4679d/locations/europe-west3","labels":{"appengine.googleapis.com/region":"europe-west3","cloud.googleapis.com/location":"europe-west3","cloud.googleapis.com/region":"europe-west3"},"metadata":{"@type":"type.googleapis.com/google.firestore.admin.v1.LocationMetadata"},"locationId":"europe-west3","displayName":"Frankfurt"},{"name":"projects/parwebapp-4679d/locations/europe-west4","labels":{"cloud.googleapis.com/location":"europe-west4","cloud.googleapis.com/region":"europe-west4"},"metadata":{"@type":"type.googleapis.com/google.firestore.admin.v1.LocationMetadata"},"locationId":"europe-west4","displayName":"Netherlands"},{"name":"projects/parwebapp-4679d/locations/europe-west6","labels":{"appengine.googleapis.com/region":"europe-west6","cloud.googleapis.com/location":"europe-west6","cloud.googleapis.com/region":"europe-west6"},"metadata":{"@type":"type.googleapis.com/google.firestore.admin.v1.LocationMetadata"},"locationId":"europe-west6","displayName":"Zurich"},{"name":"projects/parwebapp-4679d/locations/europe-west8","labels":{"cloud.googleapis.com/location":"europe-west8","cloud.googleapis.com/region":"europe-west8"},"metadata":{"@type":"type.googleapis.com/google.firestore.admin.v1.LocationMetadata"},"locationId":"europe-west8","displayName":"Milan"},{"name":"projects/parwebapp-4679d/locations/europe-west9","labels":{"cloud.googleapis.com/location":"europe-west9","cloud.googleapis.com/region":"europe-west9"},"metadata":{"@type":"type.googleapis.com/google.firestore.admin.v1.LocationMetadata"},"locationId":"europe-west9","displayName":"Paris"},{"name":"projects/parwebapp-4679d/locations/me-central1","labels":{"cloud.googleapis.com/location":"me-central1","cloud.googleapis.com/region":"me-central1"},"metadata":{"@type":"type.googleapis.com/google.firestore.admin.v1.LocationMetadata"},"locationId":"me-central1","displayName":"Doha"},{"name":"projects/parwebapp-4679d/locations/me-central2","labels":{"cloud.googleapis.com/location":"me-central2","cloud.googleapis.com/region":"me-central2"},"metadata":{"@type":"type.googleapis.com/google.firestore.admin.v1.LocationMetadata"},"locationId":"me-central2","displayName":"Dammam"},{"name":"projects/parwebapp-4679d/locations/me-west1","labels":{"cloud.googleapis.com/location":"me-west1","cloud.googleapis.com/region":"me-west1"},"metadata":{"@type":"type.googleapis.com/google.firestore.admin.v1.LocationMetadata"},"locationId":"me-west1","displayName":"Tel Aviv"},{"name":"projects/parwebapp-4679d/locations/northamerica-northeast1","labels":{"appengine.googleapis.com/region":"northamerica-northeast1","cloud.googleapis.com/location":"northamerica-northeast1","cloud.googleapis.com/region":"northamerica-northeast1"},"metadata":{"@type":"type.googleapis.com/google.firestore.admin.v1.LocationMetadata"},"locationId":"northamerica-northeast1","displayName":"Montréal"},{"name":"projects/parwebapp-4679d/locations/northamerica-northeast2","labels":{"cloud.googleapis.com/location":"northamerica-northeast2","cloud.googleapis.com/region":"northamerica-northeast2"},"metadata":{"@type":"type.googleapis.com/google.firestore.admin.v1.LocationMetadata"},"locationId":"northamerica-northeast2","displayName":"Toronto"},{"name":"projects/parwebapp-4679d/locations/northamerica-south1","labels":{"cloud.googleapis.com/location":"northamerica-south1","cloud.googleapis.com/region":"northamerica-south1"},"metadata":{"@type":"type.googleapis.com/google.firestore.admin.v1.LocationMetadata"},"locationId":"northamerica-south1","displayName":"Mexico"},{"name":"projects/parwebapp-4679d/locations/southamerica-east1","labels":{"appengine.googleapis.com/region":"southamerica-east1","cloud.googleapis.com/location":"southamerica-east1","cloud.googleapis.com/region":"southamerica-east1"},"metadata":{"@type":"type.googleapis.com/google.firestore.admin.v1.LocationMetadata"},"locationId":"southamerica-east1","displayName":"São Paulo"},{"name":"projects/parwebapp-4679d/locations/southamerica-west1","labels":{"cloud.googleapis.com/location":"southamerica-west1","cloud.googleapis.com/region":"southamerica-west1"},"metadata":{"@type":"type.googleapis.com/google.firestore.admin.v1.LocationMetadata"},"locationId":"southamerica-west1","displayName":"Santiago"},{"name":"projects/parwebapp-4679d/locations/us-central1","labels":{"cloud.googleapis.com/location":"us-central1","cloud.googleapis.com/region":"us-central1"},"metadata":{"@type":"type.googleapis.com/google.firestore.admin.v1.LocationMetadata"},"locationId":"us-central1","displayName":"Iowa"},{"name":"projects/parwebapp-4679d/locations/us-east1","labels":{"appengine.googleapis.com/region":"us-east1","cloud.googleapis.com/location":"us-east1","cloud.googleapis.com/region":"us-east1"},"metadata":{"@type":"type.googleapis.com/google.firestore.admin.v1.LocationMetadata"},"locationId":"us-east1","displayName":"South Carolina"},{"name":"projects/parwebapp-4679d/locations/us-east4","labels":{"appengine.googleapis.com/region":"us-east4","cloud.googleapis.com/location":"us-east4","cloud.googleapis.com/region":"us-east4"},"metadata":{"@type":"type.googleapis.com/google.firestore.admin.v1.LocationMetadata"},"locationId":"us-east4","displayName":"Northern Virginia"},{"name":"projects/parwebapp-4679d/locations/us-east5","labels":{"cloud.googleapis.com/location":"us-east5","cloud.googleapis.com/region":"us-east5"},"metadata":{"@type":"type.googleapis.com/google.firestore.admin.v1.LocationMetadata"},"locationId":"us-east5","displayName":"Columbus"},{"name":"projects/parwebapp-4679d/locations/us-south1","labels":{"cloud.googleapis.com/location":"us-south1","cloud.googleapis.com/region":"us-south1"},"metadata":{"@type":"type.googleapis.com/google.firestore.admin.v1.LocationMetadata"},"locationId":"us-south1","displayName":"Dallas"},{"name":"projects/parwebapp-4679d/locations/us-west1","labels":{"appengine.googleapis.com/region":"us-west1","cloud.googleapis.com/location":"us-west1","cloud.googleapis.com/region":"us-west1"},"metadata":{"@type":"type.googleapis.com/google.firestore.admin.v1.LocationMetadata"},"locationId":"us-west1","displayName":"Oregon"},{"name":"projects/parwebapp-4679d/locations/us-west2","labels":{"appengine.googleapis.com/region":"us-west2","cloud.googleapis.com/location":"us-west2","cloud.googleapis.com/region":"us-west2"},"metadata":{"@type":"type.googleapis.com/google.firestore.admin.v1.LocationMetadata"},"locationId":"us-west2","displayName":"Los Angeles"},{"name":"projects/parwebapp-4679d/locations/us-west3","labels":{"appengine.googleapis.com/region":"us-west3","cloud.googleapis.com/location":"us-west3","cloud.googleapis.com/region":"us-west3"},"metadata":{"@type":"type.googleapis.com/google.firestore.admin.v1.LocationMetadata"},"locationId":"us-west3","displayName":"Salt Lake City"},{"name":"projects/parwebapp-4679d/locations/us-west4","labels":{"appengine.googleapis.com/region":"us-west4","cloud.googleapis.com/location":"us-west4","cloud.googleapis.com/region":"us-west4"},"metadata":{"@type":"type.googleapis.com/google.firestore.admin.v1.LocationMetadata"},"locationId":"us-west4","displayName":"Las Vegas"}]}
[info] 
[info] Firestore Security Rules allow you to define how and when to allow
[info] requests. You can keep these rules in your project directory
[info] and publish them with firebase deploy.
[info] 
[debug] [2025-10-04T22:02:13.805Z] Checked if tokens are valid: false, expires at: 1759615905568
[debug] [2025-10-04T22:02:13.805Z] Checked if tokens are valid: false, expires at: 1759615905568
[debug] [2025-10-04T22:02:13.806Z] > refreshing access token with scopes: []
[debug] [2025-10-04T22:02:13.807Z] >>> [apiv2][query] POST https://www.googleapis.com/oauth2/v3/token [none]
[debug] [2025-10-04T22:02:13.807Z] >>> [apiv2][body] POST https://www.googleapis.com/oauth2/v3/token [omitted]
[debug] [2025-10-04T22:02:13.990Z] <<< [apiv2][status] POST https://www.googleapis.com/oauth2/v3/token 200
[debug] [2025-10-04T22:02:13.990Z] <<< [apiv2][body] POST https://www.googleapis.com/oauth2/v3/token [omitted]
[debug] [2025-10-04T22:02:14.005Z] >>> [apiv2][query] GET https://firebaserules.googleapis.com/v1/projects/parwebapp-4679d/releases pageSize=10&pageToken=
[debug] [2025-10-04T22:02:14.315Z] <<< [apiv2][status] GET https://firebaserules.googleapis.com/v1/projects/parwebapp-4679d/releases 200
[debug] [2025-10-04T22:02:14.316Z] <<< [apiv2][body] GET https://firebaserules.googleapis.com/v1/projects/parwebapp-4679d/releases {}
[info] 
[info] Firestore indexes allow you to perform complex queries while
[info] maintaining performance that scales with the size of the result
[info] set. You can keep index definitions in your project directory
[info] and publish them with firebase deploy.
[info] 
[debug] [2025-10-04T22:02:16.837Z] Checked if tokens are valid: true, expires at: 1759618932990
[debug] [2025-10-04T22:02:16.837Z] Checked if tokens are valid: true, expires at: 1759618932990
[debug] [2025-10-04T22:02:16.838Z] Checked if tokens are valid: true, expires at: 1759618932990
[debug] [2025-10-04T22:02:16.838Z] Checked if tokens are valid: true, expires at: 1759618932990
[debug] [2025-10-04T22:02:16.838Z] >>> [apiv2][query] GET https://firestore.googleapis.com/v1/projects/parwebapp-4679d/databases/(default)/collectionGroups/-/indexes [none]
[debug] [2025-10-04T22:02:16.838Z] >>> [apiv2][query] GET https://firestore.googleapis.com/v1/projects/parwebapp-4679d/databases/(default)/collectionGroups/-/fields?filter=indexConfig.usesAncestorConfig=false OR ttlConfig:* [none]
[debug] [2025-10-04T22:02:17.031Z] <<< [apiv2][status] GET https://firestore.googleapis.com/v1/projects/parwebapp-4679d/databases/(default)/collectionGroups/-/fields?filter=indexConfig.usesAncestorConfig=false OR ttlConfig:* 404
[debug] [2025-10-04T22:02:17.032Z] <<< [apiv2][body] GET https://firestore.googleapis.com/v1/projects/parwebapp-4679d/databases/(default)/collectionGroups/-/fields?filter=indexConfig.usesAncestorConfig=false OR ttlConfig:* {"error":{"code":404,"message":"Project 'parwebapp-4679d' or database '(default)' does not exist.","status":"NOT_FOUND"}}
[info] +  Wrote firestore.rules 
[info] +  Wrote firestore.indexes.json 
[debug] [2025-10-04T22:02:17.038Z] <<< [apiv2][status] GET https://firestore.googleapis.com/v1/projects/parwebapp-4679d/databases/(default)/collectionGroups/-/indexes 404
[debug] [2025-10-04T22:02:17.038Z] <<< [apiv2][body] GET https://firestore.googleapis.com/v1/projects/parwebapp-4679d/databases/(default)/collectionGroups/-/indexes {"error":{"code":404,"message":"Project 'parwebapp-4679d' or database '(default)' does not exist.","status":"NOT_FOUND"}}
[info] 
=== Genkit Setup
[debug] [2025-10-04T22:02:33.273Z] > command requires scopes: ["email","openid","https://www.googleapis.com/auth/cloudplatformprojects.readonly","https://www.googleapis.com/auth/firebase","https://www.googleapis.com/auth/cloud-platform"]
[debug] [2025-10-04T22:02:33.274Z] > authorizing via signed-in user (matt.woolvett@gmail.com)
[debug] [2025-10-04T22:02:33.274Z] [iam] checking project parwebapp-4679d for permissions ["firebase.projects.get"]
[debug] [2025-10-04T22:02:33.274Z] Checked if tokens are valid: true, expires at: 1759618932990
[debug] [2025-10-04T22:02:33.274Z] Checked if tokens are valid: true, expires at: 1759618932990
[debug] [2025-10-04T22:02:33.274Z] >>> [apiv2][query] POST https://cloudresourcemanager.googleapis.com/v1/projects/parwebapp-4679d:testIamPermissions [none]
[debug] [2025-10-04T22:02:33.274Z] >>> [apiv2][(partial)header] POST https://cloudresourcemanager.googleapis.com/v1/projects/parwebapp-4679d:testIamPermissions x-goog-quota-user=projects/parwebapp-4679d
[debug] [2025-10-04T22:02:33.274Z] >>> [apiv2][body] POST https://cloudresourcemanager.googleapis.com/v1/projects/parwebapp-4679d:testIamPermissions {"permissions":["firebase.projects.get"]}
[debug] [2025-10-04T22:02:33.593Z] <<< [apiv2][status] POST https://cloudresourcemanager.googleapis.com/v1/projects/parwebapp-4679d:testIamPermissions 200
[debug] [2025-10-04T22:02:33.593Z] <<< [apiv2][body] POST https://cloudresourcemanager.googleapis.com/v1/projects/parwebapp-4679d:testIamPermissions {"permissions":["firebase.projects.get"]}
[debug] [2025-10-04T22:02:33.593Z] Checked if tokens are valid: true, expires at: 1759618932990
[debug] [2025-10-04T22:02:33.593Z] Checked if tokens are valid: true, expires at: 1759618932990
[debug] [2025-10-04T22:02:33.594Z] Checked if tokens are valid: true, expires at: 1759618932990
[debug] [2025-10-04T22:02:33.594Z] Checked if tokens are valid: true, expires at: 1759618932990
[debug] [2025-10-04T22:02:33.594Z] >>> [apiv2][query] GET https://serviceusage.googleapis.com/v1/projects/parwebapp-4679d/services/cloudfunctions.googleapis.com [none]
[debug] [2025-10-04T22:02:33.594Z] >>> [apiv2][(partial)header] GET https://serviceusage.googleapis.com/v1/projects/parwebapp-4679d/services/cloudfunctions.googleapis.com x-goog-quota-user=projects/parwebapp-4679d
[debug] [2025-10-04T22:02:33.595Z] >>> [apiv2][query] GET https://serviceusage.googleapis.com/v1/projects/parwebapp-4679d/services/runtimeconfig.googleapis.com [none]
[debug] [2025-10-04T22:02:33.595Z] >>> [apiv2][(partial)header] GET https://serviceusage.googleapis.com/v1/projects/parwebapp-4679d/services/runtimeconfig.googleapis.com x-goog-quota-user=projects/parwebapp-4679d
[debug] [2025-10-04T22:02:34.050Z] <<< [apiv2][status] GET https://serviceusage.googleapis.com/v1/projects/parwebapp-4679d/services/cloudfunctions.googleapis.com 200
[debug] [2025-10-04T22:02:34.050Z] <<< [apiv2][body] GET https://serviceusage.googleapis.com/v1/projects/parwebapp-4679d/services/cloudfunctions.googleapis.com [omitted]
[debug] [2025-10-04T22:02:34.051Z] Checked if tokens are valid: true, expires at: 1759618932990
[debug] [2025-10-04T22:02:34.051Z] Checked if tokens are valid: true, expires at: 1759618932990
[debug] [2025-10-04T22:02:34.051Z] >>> [apiv2][query] POST https://serviceusage.googleapis.com/v1/projects/parwebapp-4679d/services/cloudfunctions.googleapis.com:enable [none]
[debug] [2025-10-04T22:02:34.051Z] >>> [apiv2][(partial)header] POST https://serviceusage.googleapis.com/v1/projects/parwebapp-4679d/services/cloudfunctions.googleapis.com:enable x-goog-quota-user=projects/parwebapp-4679d
[debug] [2025-10-04T22:02:34.052Z] <<< [apiv2][status] GET https://serviceusage.googleapis.com/v1/projects/parwebapp-4679d/services/runtimeconfig.googleapis.com 200
[debug] [2025-10-04T22:02:34.053Z] <<< [apiv2][body] GET https://serviceusage.googleapis.com/v1/projects/parwebapp-4679d/services/runtimeconfig.googleapis.com [omitted]
[debug] [2025-10-04T22:02:34.453Z] <<< [apiv2][status] POST https://serviceusage.googleapis.com/v1/projects/parwebapp-4679d/services/cloudfunctions.googleapis.com:enable 200
[debug] [2025-10-04T22:02:34.453Z] <<< [apiv2][body] POST https://serviceusage.googleapis.com/v1/projects/parwebapp-4679d/services/cloudfunctions.googleapis.com:enable [omitted]
[info] Let's create a new codebase for your functions.
[info] A directory corresponding to the codebase will be created in your project
[info] with sample code pre-configured.

[info] See https://firebase.google.com/docs/functions/organize-functions for
[info] more information on organizing your functions using codebases.

[info] Functions can be deployed with firebase deploy.

[info] +  Wrote functions/package.json 
[info] +  Wrote functions/.eslintrc.js 
[info] +  Wrote functions/tsconfig.dev.json 
[info] +  Wrote functions/tsconfig.json 
[info] +  Wrote functions/src/index.ts 
[info] +  Wrote functions/.gitignore 
[info] 
[info] i  genkit: Installing Genkit CLI version 1.20.0
 
[info] i  genkit: Installing NPM packages for genkit 
[info] +  genkit: Successfully installed NPM packages 
[info] i  genkit: Updating tsconfig.json 
[info] +  genkit: Successfully updated tsconfig.json 
[info] i  genkit: Updating package.json 
[info] +  genkit: Successfully updated package.json 
[info] 
[info] 
Login to Google Cloud using:
[info]     gcloud auth application-default login --project parwebapp-4679d

[info] Then start the Genkit developer experience by running:
[info]     cd functions && npm run genkit:start
[info] 
=== Functions Setup
[debug] [2025-10-04T22:08:25.799Z] > command requires scopes: ["email","openid","https://www.googleapis.com/auth/cloudplatformprojects.readonly","https://www.googleapis.com/auth/firebase","https://www.googleapis.com/auth/cloud-platform"]
[debug] [2025-10-04T22:08:25.799Z] > authorizing via signed-in user (matt.woolvett@gmail.com)
[debug] [2025-10-04T22:08:25.799Z] [iam] checking project parwebapp-4679d for permissions ["firebase.projects.get"]
[debug] [2025-10-04T22:08:25.799Z] Checked if tokens are valid: true, expires at: 1759618932990
[debug] [2025-10-04T22:08:25.799Z] Checked if tokens are valid: true, expires at: 1759618932990
[debug] [2025-10-04T22:08:25.799Z] >>> [apiv2][query] POST https://cloudresourcemanager.googleapis.com/v1/projects/parwebapp-4679d:testIamPermissions [none]
[debug] [2025-10-04T22:08:25.799Z] >>> [apiv2][(partial)header] POST https://cloudresourcemanager.googleapis.com/v1/projects/parwebapp-4679d:testIamPermissions x-goog-quota-user=projects/parwebapp-4679d
[debug] [2025-10-04T22:08:25.799Z] >>> [apiv2][body] POST https://cloudresourcemanager.googleapis.com/v1/projects/parwebapp-4679d:testIamPermissions {"permissions":["firebase.projects.get"]}
[debug] [2025-10-04T22:08:26.117Z] <<< [apiv2][status] POST https://cloudresourcemanager.googleapis.com/v1/projects/parwebapp-4679d:testIamPermissions 200
[debug] [2025-10-04T22:08:26.117Z] <<< [apiv2][body] POST https://cloudresourcemanager.googleapis.com/v1/projects/parwebapp-4679d:testIamPermissions {"permissions":["firebase.projects.get"]}
[info] 
Detected existing codebase(s): default

[info] Let's create a new codebase for your functions.
[info] A directory corresponding to the codebase will be created in your project
[info] with sample code pre-configured.

[info] See https://firebase.google.com/docs/functions/organize-functions for
[info] more information on organizing your functions using codebases.

[info] Functions can be deployed with firebase deploy.

